
> types
> tsc

resources/js/psb/components/registration/Step1Santri.tsx(48,52): error TS2322: Type '{ htmlFor: string; value: string; }' is not assignable to type 'IntrinsicAttributes & Omit<LabelProps, "ref"> & RefAttributes<HTMLLabelElement>'.
  Property 'value' does not exist on type 'IntrinsicAttributes & Omit<LabelProps, "ref"> & RefAttributes<HTMLLabelElement>'.
resources/js/psb/components/registration/Step1Santri.tsx(57,25): error TS2322: Type '{ id: string; name: string; type: "text"; value: string; onChange: (e: ChangeEvent<HTMLInputElement | HTMLSelectElement | HTMLTextAreaElement, Element>) => void; color: "failure" | "gray"; helperText: string; }' is not assignable to type 'IntrinsicAttributes & TextInputProps & RefAttributes<HTMLInputElement>'.
  Property 'helperText' does not exist on type 'IntrinsicAttributes & TextInputProps & RefAttributes<HTMLInputElement>'.
resources/js/psb/components/registration/Step1Santri.tsx(63,46): error TS2322: Type '{ htmlFor: string; value: string; }' is not assignable to type 'IntrinsicAttributes & Omit<LabelProps, "ref"> & RefAttributes<HTMLLabelElement>'.
  Property 'value' does not exist on type 'IntrinsicAttributes & Omit<LabelProps, "ref"> & RefAttributes<HTMLLabelElement>'.
resources/js/psb/components/registration/Step1Santri.tsx(79,25): error TS2322: Type '{ id: string; name: string; type: "text"; maxLength: number; value: string; onChange: (e: ChangeEvent<HTMLInputElement, HTMLInputElement>) => void; placeholder: string; color: "failure" | "gray"; helperText: string; }' is not assignable to type 'IntrinsicAttributes & TextInputProps & RefAttributes<HTMLInputElement>'.
  Property 'helperText' does not exist on type 'IntrinsicAttributes & TextInputProps & RefAttributes<HTMLInputElement>'.
resources/js/psb/components/registration/Step1Santri.tsx(85,47): error TS2322: Type '{ htmlFor: string; value: string; }' is not assignable to type 'IntrinsicAttributes & Omit<LabelProps, "ref"> & RefAttributes<HTMLLabelElement>'.
  Property 'value' does not exist on type 'IntrinsicAttributes & Omit<LabelProps, "ref"> & RefAttributes<HTMLLabelElement>'.
resources/js/psb/components/registration/Step1Santri.tsx(101,25): error TS2322: Type '{ id: string; name: string; type: "text"; maxLength: number; value: string; onChange: (e: ChangeEvent<HTMLInputElement, HTMLInputElement>) => void; placeholder: string; color: "failure" | "gray"; helperText: string; }' is not assignable to type 'IntrinsicAttributes & TextInputProps & RefAttributes<HTMLInputElement>'.
  Property 'helperText' does not exist on type 'IntrinsicAttributes & TextInputProps & RefAttributes<HTMLInputElement>'.
resources/js/psb/components/registration/Step1Santri.tsx(109,29): error TS2322: Type '{ htmlFor: string; value: string; }' is not assignable to type 'IntrinsicAttributes & Omit<LabelProps, "ref"> & RefAttributes<HTMLLabelElement>'.
  Property 'value' does not exist on type 'IntrinsicAttributes & Omit<LabelProps, "ref"> & RefAttributes<HTMLLabelElement>'.
resources/js/psb/components/registration/Step1Santri.tsx(119,25): error TS2322: Type '{ id: string; name: string; type: "text"; value: string; onChange: (e: ChangeEvent<HTMLInputElement | HTMLSelectElement | HTMLTextAreaElement, Element>) => void; color: "failure" | "gray"; helperText: string; }' is not assignable to type 'IntrinsicAttributes & TextInputProps & RefAttributes<HTMLInputElement>'.
  Property 'helperText' does not exist on type 'IntrinsicAttributes & TextInputProps & RefAttributes<HTMLInputElement>'.
resources/js/psb/components/registration/Step1Santri.tsx(127,29): error TS2322: Type '{ htmlFor: string; value: string; }' is not assignable to type 'IntrinsicAttributes & Omit<LabelProps, "ref"> & RefAttributes<HTMLLabelElement>'.
  Property 'value' does not exist on type 'IntrinsicAttributes & Omit<LabelProps, "ref"> & RefAttributes<HTMLLabelElement>'.
resources/js/psb/components/registration/Step1Santri.tsx(137,25): error TS2322: Type '{ id: string; name: string; type: "date"; value: string; onChange: (e: ChangeEvent<HTMLInputElement | HTMLSelectElement | HTMLTextAreaElement, Element>) => void; color: "failure" | "gray"; helperText: string; }' is not assignable to type 'IntrinsicAttributes & TextInputProps & RefAttributes<HTMLInputElement>'.
  Property 'helperText' does not exist on type 'IntrinsicAttributes & TextInputProps & RefAttributes<HTMLInputElement>'.
resources/js/psb/components/registration/Step1Santri.tsx(143,49): error TS2322: Type '{ htmlFor: string; value: string; }' is not assignable to type 'IntrinsicAttributes & Omit<LabelProps, "ref"> & RefAttributes<HTMLLabelElement>'.
  Property 'value' does not exist on type 'IntrinsicAttributes & Omit<LabelProps, "ref"> & RefAttributes<HTMLLabelElement>'.
resources/js/psb/components/registration/Step1Santri.tsx(151,25): error TS2322: Type '{ children: Element[]; id: string; name: string; value: string; onChange: (e: ChangeEvent<HTMLInputElement | HTMLSelectElement | HTMLTextAreaElement, Element>) => void; color: "failure" | "gray"; helperText: string; }' is not assignable to type 'IntrinsicAttributes & SelectProps & RefAttributes<HTMLSelectElement>'.
  Property 'helperText' does not exist on type 'IntrinsicAttributes & SelectProps & RefAttributes<HTMLSelectElement>'.
resources/js/psb/components/registration/Step1Santri.tsx(162,59): error TS2322: Type '{ htmlFor: string; value: string; }' is not assignable to type 'IntrinsicAttributes & Omit<LabelProps, "ref"> & RefAttributes<HTMLLabelElement>'.
  Property 'value' does not exist on type 'IntrinsicAttributes & Omit<LabelProps, "ref"> & RefAttributes<HTMLLabelElement>'.
resources/js/psb/components/registration/Step1Santri.tsx(172,29): error TS2322: Type '{ id: string; name: string; type: "number"; min: string; value: string; onChange: (e: ChangeEvent<HTMLInputElement | HTMLSelectElement | HTMLTextAreaElement, Element>) => void; color: "failure" | "gray"; helperText: string; }' is not assignable to type 'IntrinsicAttributes & TextInputProps & RefAttributes<HTMLInputElement>'.
  Property 'helperText' does not exist on type 'IntrinsicAttributes & TextInputProps & RefAttributes<HTMLInputElement>'.
resources/js/psb/components/registration/Step1Santri.tsx(179,33): error TS2322: Type '{ htmlFor: string; value: string; }' is not assignable to type 'IntrinsicAttributes & Omit<LabelProps, "ref"> & RefAttributes<HTMLLabelElement>'.
  Property 'value' does not exist on type 'IntrinsicAttributes & Omit<LabelProps, "ref"> & RefAttributes<HTMLLabelElement>'.
resources/js/psb/components/registration/Step1Santri.tsx(190,29): error TS2322: Type '{ id: string; name: string; type: "number"; min: string; value: string; onChange: (e: ChangeEvent<HTMLInputElement | HTMLSelectElement | HTMLTextAreaElement, Element>) => void; color: "failure" | "gray"; helperText: string; }' is not assignable to type 'IntrinsicAttributes & TextInputProps & RefAttributes<HTMLInputElement>'.
  Property 'helperText' does not exist on type 'IntrinsicAttributes & TextInputProps & RefAttributes<HTMLInputElement>'.
resources/js/psb/components/registration/Step1Santri.tsx(204,54): error TS2322: Type '{ htmlFor: string; value: string; }' is not assignable to type 'IntrinsicAttributes & Omit<LabelProps, "ref"> & RefAttributes<HTMLLabelElement>'.
  Property 'value' does not exist on type 'IntrinsicAttributes & Omit<LabelProps, "ref"> & RefAttributes<HTMLLabelElement>'.
resources/js/psb/components/registration/Step1Santri.tsx(223,29): error TS2322: Type '{ htmlFor: string; value: string; }' is not assignable to type 'IntrinsicAttributes & Omit<LabelProps, "ref"> & RefAttributes<HTMLLabelElement>'.
  Property 'value' does not exist on type 'IntrinsicAttributes & Omit<LabelProps, "ref"> & RefAttributes<HTMLLabelElement>'.
resources/js/psb/components/registration/Step1Santri.tsx(241,54): error TS2322: Type '{ htmlFor: string; value: string; }' is not assignable to type 'IntrinsicAttributes & Omit<LabelProps, "ref"> & RefAttributes<HTMLLabelElement>'.
  Property 'value' does not exist on type 'IntrinsicAttributes & Omit<LabelProps, "ref"> & RefAttributes<HTMLLabelElement>'.
resources/js/psb/components/registration/Step1Santri.tsx(260,29): error TS2322: Type '{ htmlFor: string; value: string; }' is not assignable to type 'IntrinsicAttributes & Omit<LabelProps, "ref"> & RefAttributes<HTMLLabelElement>'.
  Property 'value' does not exist on type 'IntrinsicAttributes & Omit<LabelProps, "ref"> & RefAttributes<HTMLLabelElement>'.
resources/js/psb/components/registration/Step1Santri.tsx(280,29): error TS2322: Type '{ htmlFor: string; value: string; }' is not assignable to type 'IntrinsicAttributes & Omit<LabelProps, "ref"> & RefAttributes<HTMLLabelElement>'.
  Property 'value' does not exist on type 'IntrinsicAttributes & Omit<LabelProps, "ref"> & RefAttributes<HTMLLabelElement>'.
resources/js/psb/components/registration/Step1Santri.tsx(291,25): error TS2322: Type '{ id: string; name: string; rows: number; value: string; onChange: (e: ChangeEvent<HTMLInputElement | HTMLSelectElement | HTMLTextAreaElement, Element>) => void; placeholder: string; color: "failure" | "gray"; helperText: string; }' is not assignable to type 'IntrinsicAttributes & TextareaProps & RefAttributes<HTMLTextAreaElement>'.
  Property 'helperText' does not exist on type 'IntrinsicAttributes & TextareaProps & RefAttributes<HTMLTextAreaElement>'.
resources/js/psb/components/registration/Step2Parents.tsx(75,29): error TS2322: Type '{ htmlFor: string; value: string; }' is not assignable to type 'IntrinsicAttributes & Omit<LabelProps, "ref"> & RefAttributes<HTMLLabelElement>'.
  Property 'value' does not exist on type 'IntrinsicAttributes & Omit<LabelProps, "ref"> & RefAttributes<HTMLLabelElement>'.
resources/js/psb/components/registration/Step2Parents.tsx(84,25): error TS2322: Type '{ id: string; name: string; value: string; onChange: (e: ChangeEvent<HTMLInputElement | HTMLSelectElement, Element>) => void; color: "failure" | "gray"; helperText: string; }' is not assignable to type 'IntrinsicAttributes & TextInputProps & RefAttributes<HTMLInputElement>'.
  Property 'helperText' does not exist on type 'IntrinsicAttributes & TextInputProps & RefAttributes<HTMLInputElement>'.
resources/js/psb/components/registration/Step2Parents.tsx(90,61): error TS2322: Type '{ htmlFor: string; value: string; }' is not assignable to type 'IntrinsicAttributes & Omit<LabelProps, "ref"> & RefAttributes<HTMLLabelElement>'.
  Property 'value' does not exist on type 'IntrinsicAttributes & Omit<LabelProps, "ref"> & RefAttributes<HTMLLabelElement>'.
resources/js/psb/components/registration/Step2Parents.tsx(108,29): error TS2322: Type '{ htmlFor: string; value: string; }' is not assignable to type 'IntrinsicAttributes & Omit<LabelProps, "ref"> & RefAttributes<HTMLLabelElement>'.
  Property 'value' does not exist on type 'IntrinsicAttributes & Omit<LabelProps, "ref"> & RefAttributes<HTMLLabelElement>'.
resources/js/psb/components/registration/Step2Parents.tsx(131,53): error TS2322: Type '{ htmlFor: string; value: string; }' is not assignable to type 'IntrinsicAttributes & Omit<LabelProps, "ref"> & RefAttributes<HTMLLabelElement>'.
  Property 'value' does not exist on type 'IntrinsicAttributes & Omit<LabelProps, "ref"> & RefAttributes<HTMLLabelElement>'.
resources/js/psb/components/registration/Step2Parents.tsx(155,29): error TS2322: Type '{ htmlFor: string; value: string; }' is not assignable to type 'IntrinsicAttributes & Omit<LabelProps, "ref"> & RefAttributes<HTMLLabelElement>'.
  Property 'value' does not exist on type 'IntrinsicAttributes & Omit<LabelProps, "ref"> & RefAttributes<HTMLLabelElement>'.
resources/js/psb/components/registration/Step2Parents.tsx(182,29): error TS2322: Type '{ htmlFor: string; value: string; className: string; }' is not assignable to type 'IntrinsicAttributes & Omit<LabelProps, "ref"> & RefAttributes<HTMLLabelElement>'.
  Property 'value' does not exist on type 'IntrinsicAttributes & Omit<LabelProps, "ref"> & RefAttributes<HTMLLabelElement>'.
resources/js/psb/components/registration/Step2Parents.tsx(198,29): error TS2322: Type '{ htmlFor: string; value: string; }' is not assignable to type 'IntrinsicAttributes & Omit<LabelProps, "ref"> & RefAttributes<HTMLLabelElement>'.
  Property 'value' does not exist on type 'IntrinsicAttributes & Omit<LabelProps, "ref"> & RefAttributes<HTMLLabelElement>'.
resources/js/psb/components/registration/Step2Parents.tsx(207,25): error TS2322: Type '{ id: string; name: string; value: string; onChange: (e: ChangeEvent<HTMLInputElement | HTMLSelectElement, Element>) => void; color: "failure" | "gray"; helperText: string; }' is not assignable to type 'IntrinsicAttributes & TextInputProps & RefAttributes<HTMLInputElement>'.
  Property 'helperText' does not exist on type 'IntrinsicAttributes & TextInputProps & RefAttributes<HTMLInputElement>'.
resources/js/psb/components/registration/Step2Parents.tsx(213,61): error TS2322: Type '{ htmlFor: string; value: string; }' is not assignable to type 'IntrinsicAttributes & Omit<LabelProps, "ref"> & RefAttributes<HTMLLabelElement>'.
  Property 'value' does not exist on type 'IntrinsicAttributes & Omit<LabelProps, "ref"> & RefAttributes<HTMLLabelElement>'.
resources/js/psb/components/registration/Step2Parents.tsx(231,29): error TS2322: Type '{ htmlFor: string; value: string; }' is not assignable to type 'IntrinsicAttributes & Omit<LabelProps, "ref"> & RefAttributes<HTMLLabelElement>'.
  Property 'value' does not exist on type 'IntrinsicAttributes & Omit<LabelProps, "ref"> & RefAttributes<HTMLLabelElement>'.
resources/js/psb/components/registration/Step2Parents.tsx(254,53): error TS2322: Type '{ htmlFor: string; value: string; }' is not assignable to type 'IntrinsicAttributes & Omit<LabelProps, "ref"> & RefAttributes<HTMLLabelElement>'.
  Property 'value' does not exist on type 'IntrinsicAttributes & Omit<LabelProps, "ref"> & RefAttributes<HTMLLabelElement>'.
resources/js/psb/components/registration/Step2Parents.tsx(280,29): error TS2322: Type '{ htmlFor: string; value: string; }' is not assignable to type 'IntrinsicAttributes & Omit<LabelProps, "ref"> & RefAttributes<HTMLLabelElement>'.
  Property 'value' does not exist on type 'IntrinsicAttributes & Omit<LabelProps, "ref"> & RefAttributes<HTMLLabelElement>'.
resources/js/psb/components/registration/Step2Parents.tsx(307,29): error TS2322: Type '{ htmlFor: string; value: string; className: string; }' is not assignable to type 'IntrinsicAttributes & Omit<LabelProps, "ref"> & RefAttributes<HTMLLabelElement>'.
  Property 'value' does not exist on type 'IntrinsicAttributes & Omit<LabelProps, "ref"> & RefAttributes<HTMLLabelElement>'.
resources/js/psb/components/registration/Step2Parents.tsx(321,21): error TS2322: Type '{ value: string; className: string; }' is not assignable to type 'IntrinsicAttributes & Omit<LabelProps, "ref"> & RefAttributes<HTMLLabelElement>'.
  Property 'value' does not exist on type 'IntrinsicAttributes & Omit<LabelProps, "ref"> & RefAttributes<HTMLLabelElement>'.
resources/js/psb/components/registration/Step2Parents.tsx(364,33): error TS2322: Type '{ htmlFor: string; value: string; }' is not assignable to type 'IntrinsicAttributes & Omit<LabelProps, "ref"> & RefAttributes<HTMLLabelElement>'.
  Property 'value' does not exist on type 'IntrinsicAttributes & Omit<LabelProps, "ref"> & RefAttributes<HTMLLabelElement>'.
resources/js/psb/components/registration/Step2Parents.tsx(373,29): error TS2322: Type '{ id: string; name: string; value: string; onChange: (e: ChangeEvent<HTMLInputElement | HTMLSelectElement, Element>) => void; color: "failure" | "gray"; helperText: string; }' is not assignable to type 'IntrinsicAttributes & TextInputProps & RefAttributes<HTMLInputElement>'.
  Property 'helperText' does not exist on type 'IntrinsicAttributes & TextInputProps & RefAttributes<HTMLInputElement>'.
resources/js/psb/components/registration/Step2Parents.tsx(381,33): error TS2322: Type '{ htmlFor: string; value: string; }' is not assignable to type 'IntrinsicAttributes & Omit<LabelProps, "ref"> & RefAttributes<HTMLLabelElement>'.
  Property 'value' does not exist on type 'IntrinsicAttributes & Omit<LabelProps, "ref"> & RefAttributes<HTMLLabelElement>'.
resources/js/psb/components/registration/Step2Parents.tsx(410,33): error TS2322: Type '{ htmlFor: string; value: string; }' is not assignable to type 'IntrinsicAttributes & Omit<LabelProps, "ref"> & RefAttributes<HTMLLabelElement>'.
  Property 'value' does not exist on type 'IntrinsicAttributes & Omit<LabelProps, "ref"> & RefAttributes<HTMLLabelElement>'.
resources/js/psb/components/registration/Step2Parents.tsx(437,33): error TS2322: Type '{ htmlFor: string; value: string; className: string; }' is not assignable to type 'IntrinsicAttributes & Omit<LabelProps, "ref"> & RefAttributes<HTMLLabelElement>'.
  Property 'value' does not exist on type 'IntrinsicAttributes & Omit<LabelProps, "ref"> & RefAttributes<HTMLLabelElement>'.
resources/js/psb/components/registration/Step3School.tsx(44,33): error TS2322: Type '{ htmlFor: string; value: string; }' is not assignable to type 'IntrinsicAttributes & Omit<LabelProps, "ref"> & RefAttributes<HTMLLabelElement>'.
  Property 'value' does not exist on type 'IntrinsicAttributes & Omit<LabelProps, "ref"> & RefAttributes<HTMLLabelElement>'.
resources/js/psb/components/registration/Step3School.tsx(57,29): error TS2322: Type '{ children: Element[]; id: string; name: string; value: string; onChange: (e: ChangeEvent<HTMLInputElement | HTMLSelectElement, Element>) => void; color: "failure" | "gray"; helperText: string; }' is not assignable to type 'IntrinsicAttributes & SelectProps & RefAttributes<HTMLSelectElement>'.
  Property 'helperText' does not exist on type 'IntrinsicAttributes & SelectProps & RefAttributes<HTMLSelectElement>'.
resources/js/psb/components/registration/Step3School.tsx(69,33): error TS2322: Type '{ htmlFor: string; value: string; }' is not assignable to type 'IntrinsicAttributes & Omit<LabelProps, "ref"> & RefAttributes<HTMLLabelElement>'.
  Property 'value' does not exist on type 'IntrinsicAttributes & Omit<LabelProps, "ref"> & RefAttributes<HTMLLabelElement>'.
resources/js/psb/components/registration/Step3School.tsx(81,29): error TS2322: Type '{ id: string; name: string; value: string; onChange: (e: ChangeEvent<HTMLInputElement | HTMLSelectElement, Element>) => void; placeholder: string; color: "failure" | "gray"; helperText: string; }' is not assignable to type 'IntrinsicAttributes & TextInputProps & RefAttributes<HTMLInputElement>'.
  Property 'helperText' does not exist on type 'IntrinsicAttributes & TextInputProps & RefAttributes<HTMLInputElement>'.
resources/js/psb/components/registration/Step3School.tsx(97,33): error TS2322: Type '{ htmlFor: string; value: string; }' is not assignable to type 'IntrinsicAttributes & Omit<LabelProps, "ref"> & RefAttributes<HTMLLabelElement>'.
  Property 'value' does not exist on type 'IntrinsicAttributes & Omit<LabelProps, "ref"> & RefAttributes<HTMLLabelElement>'.
resources/js/psb/components/registration/Step3School.tsx(106,29): error TS2322: Type '{ children: Element[]; id: string; name: string; value: string; onChange: (e: ChangeEvent<HTMLInputElement | HTMLSelectElement, Element>) => void; color: "failure" | "gray"; helperText: string; }' is not assignable to type 'IntrinsicAttributes & SelectProps & RefAttributes<HTMLSelectElement>'.
  Property 'helperText' does not exist on type 'IntrinsicAttributes & SelectProps & RefAttributes<HTMLSelectElement>'.
resources/js/psb/components/registration/Step3School.tsx(123,63): error TS2322: Type '{ htmlFor: string; value: string; }' is not assignable to type 'IntrinsicAttributes & Omit<LabelProps, "ref"> & RefAttributes<HTMLLabelElement>'.
  Property 'value' does not exist on type 'IntrinsicAttributes & Omit<LabelProps, "ref"> & RefAttributes<HTMLLabelElement>'.
resources/js/psb/components/registration/Step3School.tsx(131,33): error TS2322: Type '{ children: Element[]; id: string; name: string; value: string; onChange: (e: ChangeEvent<HTMLInputElement | HTMLSelectElement, Element>) => void; color: "failure" | "gray"; helperText: string; }' is not assignable to type 'IntrinsicAttributes & SelectProps & RefAttributes<HTMLSelectElement>'.
  Property 'helperText' does not exist on type 'IntrinsicAttributes & SelectProps & RefAttributes<HTMLSelectElement>'.
resources/js/psb/components/registration/Step4Documents.tsx(53,29): error TS2322: Type '{ htmlFor: string; value: string; }' is not assignable to type 'IntrinsicAttributes & Omit<LabelProps, "ref"> & RefAttributes<HTMLLabelElement>'.
  Property 'value' does not exist on type 'IntrinsicAttributes & Omit<LabelProps, "ref"> & RefAttributes<HTMLLabelElement>'.
resources/js/psb/components/registration/Step4Documents.tsx(62,25): error TS2322: Type '{ id: string; name: string; onChange: (e: ChangeEvent<HTMLInputElement, Element>) => void; accept: string; color: "failure" | "gray"; helperText: string; }' is not assignable to type 'IntrinsicAttributes & FileInputProps & RefAttributes<HTMLInputElement>'.
  Property 'helperText' does not exist on type 'IntrinsicAttributes & FileInputProps & RefAttributes<HTMLInputElement>'.
resources/js/psb/components/registration/Step4Documents.tsx(92,29): error TS2322: Type '{ htmlFor: string; value: string; }' is not assignable to type 'IntrinsicAttributes & Omit<LabelProps, "ref"> & RefAttributes<HTMLLabelElement>'.
  Property 'value' does not exist on type 'IntrinsicAttributes & Omit<LabelProps, "ref"> & RefAttributes<HTMLLabelElement>'.
resources/js/psb/components/registration/Step4Documents.tsx(101,25): error TS2322: Type '{ id: string; name: string; onChange: (e: ChangeEvent<HTMLInputElement, Element>) => void; accept: string; color: "failure" | "gray"; helperText: string; }' is not assignable to type 'IntrinsicAttributes & FileInputProps & RefAttributes<HTMLInputElement>'.
  Property 'helperText' does not exist on type 'IntrinsicAttributes & FileInputProps & RefAttributes<HTMLInputElement>'.
resources/js/psb/components/registration/Step4Documents.tsx(131,29): error TS2322: Type '{ htmlFor: string; value: string; }' is not assignable to type 'IntrinsicAttributes & Omit<LabelProps, "ref"> & RefAttributes<HTMLLabelElement>'.
  Property 'value' does not exist on type 'IntrinsicAttributes & Omit<LabelProps, "ref"> & RefAttributes<HTMLLabelElement>'.
resources/js/psb/components/registration/Step4Documents.tsx(140,25): error TS2322: Type '{ id: string; name: string; onChange: (e: ChangeEvent<HTMLInputElement, Element>) => void; accept: string; color: "failure" | "gray"; helperText: string; }' is not assignable to type 'IntrinsicAttributes & FileInputProps & RefAttributes<HTMLInputElement>'.
  Property 'helperText' does not exist on type 'IntrinsicAttributes & FileInputProps & RefAttributes<HTMLInputElement>'.
resources/js/psb/components/registration/Step4Documents.tsx(170,29): error TS2322: Type '{ htmlFor: string; value: string; }' is not assignable to type 'IntrinsicAttributes & Omit<LabelProps, "ref"> & RefAttributes<HTMLLabelElement>'.
  Property 'value' does not exist on type 'IntrinsicAttributes & Omit<LabelProps, "ref"> & RefAttributes<HTMLLabelElement>'.
resources/js/psb/components/registration/Step4Documents.tsx(179,25): error TS2322: Type '{ id: string; name: string; onChange: (e: ChangeEvent<HTMLInputElement, Element>) => void; accept: string; color: "failure" | "gray"; helperText: string; }' is not assignable to type 'IntrinsicAttributes & FileInputProps & RefAttributes<HTMLInputElement>'.
  Property 'helperText' does not exist on type 'IntrinsicAttributes & FileInputProps & RefAttributes<HTMLInputElement>'.
resources/js/psb/components/registration/Step4Documents.tsx(209,29): error TS2322: Type '{ htmlFor: string; value: string; }' is not assignable to type 'IntrinsicAttributes & Omit<LabelProps, "ref"> & RefAttributes<HTMLLabelElement>'.
  Property 'value' does not exist on type 'IntrinsicAttributes & Omit<LabelProps, "ref"> & RefAttributes<HTMLLabelElement>'.
resources/js/psb/components/registration/Step4Documents.tsx(218,25): error TS2322: Type '{ id: string; name: string; onChange: (e: ChangeEvent<HTMLInputElement, Element>) => void; accept: string; color: "failure" | "gray"; helperText: string; }' is not assignable to type 'IntrinsicAttributes & FileInputProps & RefAttributes<HTMLInputElement>'.
  Property 'helperText' does not exist on type 'IntrinsicAttributes & FileInputProps & RefAttributes<HTMLInputElement>'.
